apiVersion: v1
items:
- apiVersion: cluster.x-k8s.io/v1beta1
  kind: Cluster
  metadata:
    annotations:
      cluster.giantswarm.io/description: test cluster 1
    creationTimestamp: "2021-01-02T15:04:32Z"
    labels:
      cluster.x-k8s.io/cluster-name: 1sad2
      giantswarm.io/organization: test
      release.giantswarm.io/version: 12.0.0
    name: 1sad2
    namespace: default
  spec:
    controlPlaneEndpoint:
      host: ""
      port: 0
  status:
    controlPlaneReady: false
    infrastructureReady: false
- apiVersion: cluster.x-k8s.io/v1beta1
  kind: Cluster
  metadata:
    annotations:
      cluster.giantswarm.io/description: test cluster 2
    creationTimestamp: "2021-01-02T15:04:32Z"
    labels:
      cluster.x-k8s.io/cluster-name: 2a03f
      giantswarm.io/organization: test
      release.giantswarm.io/version: 11.0.0
    name: 2a03f
    namespace: default
  spec:
    controlPlaneEndpoint:
      host: ""
      port: 0
  status:
    conditions:
    - lastTransitionTime: null
      status: "True"
      type: Created
    controlPlaneReady: false
    infrastructureReady: false
- apiVersion: cluster.x-k8s.io/v1beta1
  kind: Cluster
  metadata:
    annotations:
      cluster.giantswarm.io/description: test cluster 3
    creationTimestamp: "2021-01-02T15:04:32Z"
    labels:
      cluster.x-k8s.io/cluster-name: asd29
      giantswarm.io/organization: test
      release.giantswarm.io/version: 10.5.0
    name: asd29
    namespace: default
  spec:
    controlPlaneEndpoint:
      host: ""
      port: 0
  status:
    conditions:
    - lastTransitionTime: null
      status: "True"
      type: Created
    - lastTransitionTime: null
      status: "True"
      type: Creating
    controlPlaneReady: false
    infrastructureReady: false
- apiVersion: cluster.x-k8s.io/v1beta1
  kind: Cluster
  metadata:
    annotations:
      cluster.giantswarm.io/description: test cluster 4
    creationTimestamp: "2021-01-02T15:04:32Z"
    labels:
      cluster.x-k8s.io/cluster-name: f930q
      giantswarm.io/organization: some-other
      release.giantswarm.io/version: 11.0.0
    name: f930q
    namespace: default
  spec:
    controlPlaneEndpoint:
      host: ""
      port: 0
  status:
    controlPlaneReady: false
    infrastructureReady: false
- apiVersion: cluster.x-k8s.io/v1beta1
  kind: Cluster
  metadata:
    annotations:
      cluster.giantswarm.io/description: test cluster 5
    creationTimestamp: "2021-01-02T15:04:32Z"
    labels:
      cluster.x-k8s.io/cluster-name: 9f012
      giantswarm.io/organization: test
      release.giantswarm.io/version: 9.0.0
    name: 9f012
    namespace: default
  spec:
    controlPlaneEndpoint:
      host: ""
      port: 0
  status:
    conditions:
    - lastTransitionTime: null
      status: "True"
      type: Deleting
    controlPlaneReady: false
    infrastructureReady: false
- apiVersion: cluster.x-k8s.io/v1beta1
  kind: Cluster
  metadata:
    annotations:
      cluster.giantswarm.io/description: test cluster 6
    creationTimestamp: "2021-01-02T15:04:32Z"
    labels:
      cluster.x-k8s.io/cluster-name: 2f0as
      giantswarm.io/organization: random
      release.giantswarm.io/version: 10.5.0
    name: 2f0as
    namespace: default
  spec:
    controlPlaneEndpoint:
      host: ""
      port: 0
  status:
    conditions:
    - lastTransitionTime: null
      status: "True"
      type: Deleting
    - lastTransitionTime: null
      status: "True"
      type: Created
    controlPlaneReady: false
    infrastructureReady: false
kind: List
metadata: {}
