awsclusterconfig.provider.giantswarm.io/asd29-aws-cluster-config
awsconfig.provider.giantswarm.io/asd29
