apiVersion: cluster.x-k8s.io/v1beta1
kind: Cluster
metadata:
  annotations:
    cluster.giantswarm.io/description: test cluster 4
  creationTimestamp: "2021-01-02T15:04:32Z"
  labels:
    cluster.x-k8s.io/cluster-name: f930q
    giantswarm.io/organization: some-other
    release.giantswarm.io/version: 11.0.0
  name: f930q
  namespace: default
spec:
  controlPlaneEndpoint:
    host: ""
    port: 0
status:
  conditions:
  - lastTransitionTime: null
    status: "True"
    type: Created
  controlPlaneInitialized: false
  infrastructureReady: false
