azureclusterconfig.provider.giantswarm.io/asd29-azure-cluster-config
azureconfig.provider.giantswarm.io/asd29
