NAME    AGE   CONDITION   RELEASE   SERVICE PRIORITY   ORGANIZATION   DESCRIPTION
f930q   0s    CREATED     11.0.0    HIGHEST            some-other     test cluster 4
