{
    "kind": "List",
    "apiVersion": "v1",
    "metadata": {},
    "items": [
        {
            "metadata": {
                "name": "asd29-kvm-cluster-config",
                "namespace": "default",
                "creationTimestamp": "2021-01-02T15:04:32Z"
            },
            "spec": {
                "guest": {
                    "dnsZone": "",
                    "id": "asd29",
                    "name": "test cluster 3",
                    "owner": "test",
                    "releaseVersion": "10.5.0"
                },
                "versionBundle": {
                    "version": ""
                }
            }
        },
        {
            "metadata": {
                "name": "asd29",
                "namespace": "default",
                "creationTimestamp": "2021-01-02T15:04:32Z"
            },
            "spec": {
                "cluster": {
                    "calico": {
                        "cidr": 0,
                        "mtu": 0,
                        "subnet": ""
                    },
                    "customer": {
                        "id": ""
                    },
                    "docker": {
                        "daemon": {
                            "cidr": ""
                        }
                    },
                    "etcd": {
                        "altNames": "",
                        "domain": "",
                        "port": 0,
                        "prefix": ""
                    },
                    "id": "asd29",
                    "kubernetes": {
                        "api": {
                            "clusterIPRange": "",
                            "domain": "",
                            "securePort": 0
                        },
                        "cloudProvider": "",
                        "dns": {
                            "ip": ""
                        },
                        "domain": "",
                        "ingressController": {
                            "docker": {
                                "image": ""
                            },
                            "domain": "",
                            "wildcardDomain": "",
                            "insecurePort": 0,
                            "securePort": 0
                        },
                        "kubelet": {
                            "altNames": "",
                            "domain": "",
                            "labels": "",
                            "port": 0
                        },
                        "networkSetup": {
                            "docker": {
                                "image": ""
                            },
                            "kubeProxy": {
                                "conntrackMaxPerCore": 0
                            }
                        },
                        "ssh": {
                            "userList": null
                        }
                    },
                    "masters": null,
                    "scaling": {
                        "max": 0,
                        "min": 0
                    },
                    "version": ""
                },
                "kvm": {
                    "endpointUpdater": {
                        "docker": {
                            "image": ""
                        }
                    },
                    "k8sKVM": {
                        "docker": {
                            "image": ""
                        },
                        "storageType": ""
                    },
                    "masters": null,
                    "network": {
                        "flannel": {
                            "vni": 0
                        }
                    },
                    "nodeController": {
                        "docker": {
                            "image": ""
                        }
                    },
                    "portMappings": null,
                    "workers": null
                },
                "versionBundle": {
                    "version": ""
                }
            },
            "status": {
                "cluster": {
                    "network": {
                        "cidr": ""
                    },
                    "scaling": {
                        "desiredCapacity": 0
                    }
                },
                "kvm": {
                    "nodeIndexes": null
                }
            }
        }
    ]
}
