apiVersion: v1
items:
- apiVersion: infrastructure.giantswarm.io/v1alpha2
  kind: AWSCluster
  metadata:
    creationTimestamp: "2021-01-02T15:04:32Z"
    labels:
      giantswarm.io/organization: test
      release.giantswarm.io/version: 12.0.0
    name: 1sad2
    namespace: default
  spec:
    cluster:
      description: test cluster 1
      dns:
        domain: ""
      kubeProxy: {}
      oidc:
        claims: {}
    provider:
      credentialSecret:
        name: ""
        namespace: ""
      master:
        availabilityZone: ""
        instanceType: ""
      pods: {}
      region: ""
  status:
    cluster: {}
    provider:
      network: {}
- apiVersion: infrastructure.giantswarm.io/v1alpha2
  kind: AWSCluster
  metadata:
    creationTimestamp: "2021-01-02T15:04:32Z"
    labels:
      giantswarm.io/organization: test
      release.giantswarm.io/version: 11.0.0
    name: 2a03f
    namespace: default
  spec:
    cluster:
      description: test cluster 2
      dns:
        domain: ""
      kubeProxy: {}
      oidc:
        claims: {}
    provider:
      credentialSecret:
        name: ""
        namespace: ""
      master:
        availabilityZone: ""
        instanceType: ""
      pods: {}
      region: ""
  status:
    cluster:
      conditions:
      - condition: Created
        lastTransitionTime: null
    provider:
      network: {}
- apiVersion: infrastructure.giantswarm.io/v1alpha2
  kind: AWSCluster
  metadata:
    creationTimestamp: "2021-01-02T15:04:32Z"
    labels:
      giantswarm.io/organization: test
      release.giantswarm.io/version: 10.5.0
    name: asd29
    namespace: default
  spec:
    cluster:
      description: test cluster 3
      dns:
        domain: ""
      kubeProxy: {}
      oidc:
        claims: {}
    provider:
      credentialSecret:
        name: ""
        namespace: ""
      master:
        availabilityZone: ""
        instanceType: ""
      pods: {}
      region: ""
  status:
    cluster:
      conditions:
      - condition: Created
        lastTransitionTime: null
      - condition: Creating
        lastTransitionTime: null
    provider:
      network: {}
- apiVersion: infrastructure.giantswarm.io/v1alpha2
  kind: AWSCluster
  metadata:
    creationTimestamp: "2021-01-02T15:04:32Z"
    labels:
      giantswarm.io/organization: some-other
      release.giantswarm.io/version: 11.0.0
    name: f930q
    namespace: default
  spec:
    cluster:
      description: test cluster 4
      dns:
        domain: ""
      kubeProxy: {}
      oidc:
        claims: {}
    provider:
      credentialSecret:
        name: ""
        namespace: ""
      master:
        availabilityZone: ""
        instanceType: ""
      pods: {}
      region: ""
  status:
    cluster: {}
    provider:
      network: {}
- apiVersion: infrastructure.giantswarm.io/v1alpha2
  kind: AWSCluster
  metadata:
    creationTimestamp: "2021-01-02T15:04:32Z"
    labels:
      giantswarm.io/organization: test
      release.giantswarm.io/version: 9.0.0
    name: 9f012
    namespace: default
  spec:
    cluster:
      description: test cluster 5
      dns:
        domain: ""
      kubeProxy: {}
      oidc:
        claims: {}
    provider:
      credentialSecret:
        name: ""
        namespace: ""
      master:
        availabilityZone: ""
        instanceType: ""
      pods: {}
      region: ""
  status:
    cluster:
      conditions:
      - condition: Deleting
        lastTransitionTime: null
    provider:
      network: {}
- apiVersion: infrastructure.giantswarm.io/v1alpha2
  kind: AWSCluster
  metadata:
    creationTimestamp: "2021-01-02T15:04:32Z"
    labels:
      giantswarm.io/organization: random
      release.giantswarm.io/version: 10.5.0
    name: 2f0as
    namespace: default
  spec:
    cluster:
      description: test cluster 6
      dns:
        domain: ""
      kubeProxy: {}
      oidc:
        claims: {}
    provider:
      credentialSecret:
        name: ""
        namespace: ""
      master:
        availabilityZone: ""
        instanceType: ""
      pods: {}
      region: ""
  status:
    cluster:
      conditions:
      - condition: Deleting
        lastTransitionTime: null
      - condition: Created
        lastTransitionTime: null
    provider:
      network: {}
kind: List
metadata: {}
