apiVersion: v1
items:
- apiVersion: provider.giantswarm.io/v1alpha1
  kind: AWSClusterConfig
  metadata:
    creationTimestamp: "2021-01-02T15:04:32Z"
    name: asd29-aws-cluster-config
    namespace: default
  spec:
    guest:
      credentialSecret:
        name: ""
        namespace: ""
      dnsZone: ""
      id: asd29
      name: test cluster 3
      owner: test
      releaseVersion: 10.5.0
    versionBundle:
      version: ""
- apiVersion: provider.giantswarm.io/v1alpha1
  kind: AWSConfig
  metadata:
    creationTimestamp: "2021-01-02T15:04:32Z"
    name: asd29
    namespace: default
  spec:
    aws:
      api:
        elb:
          idleTimeoutSeconds: 0
        hostedZones: ""
      availabilityZones: 0
      az: ""
      credentialSecret:
        name: ""
        namespace: ""
      etcd:
        elb:
          idleTimeoutSeconds: 0
        hostedZones: ""
      hostedZones:
        api:
          name: ""
        etcd:
          name: ""
        ingress:
          name: ""
      ingress:
        elb:
          idleTimeoutSeconds: 0
        hostedZones: ""
      masters: null
      region: ""
      vpc:
        cidr: ""
        peerId: ""
        privateSubnetCidr: ""
        publicSubnetCidr: ""
        routeTableNames: null
      workers: null
    cluster:
      calico:
        cidr: 0
        mtu: 0
        subnet: ""
      customer:
        id: ""
      docker:
        daemon:
          cidr: ""
      etcd:
        altNames: ""
        domain: ""
        port: 0
        prefix: ""
      id: asd29
      kubernetes:
        api:
          clusterIPRange: ""
          domain: ""
          securePort: 0
        cloudProvider: ""
        dns:
          ip: ""
        domain: ""
        ingressController:
          docker:
            image: ""
          domain: ""
          insecurePort: 0
          securePort: 0
          wildcardDomain: ""
        kubelet:
          altNames: ""
          domain: ""
          labels: ""
          port: 0
        networkSetup:
          docker:
            image: ""
          kubeProxy:
            conntrackMaxPerCore: 0
        ssh:
          userList: null
      masters: null
      scaling:
        max: 0
        min: 0
      version: ""
    versionBundle:
      version: ""
  status:
    aws:
      autoScalingGroup:
        name: ""
      availabilityZones: null
    cluster:
      conditions:
      - lastTransitionTime: null
        status: ""
        type: Deleting
      network:
        cidr: ""
      scaling:
        desiredCapacity: 0
kind: List
metadata: {}
