ID      CREATED                         CONDITION   RELEASE   ORGANIZATION   DESCRIPTION
1sad2   2021-01-02 15:04:32 +0000 UTC   n/a         12.0.0    test           test cluster 1
2a03f   2021-01-02 15:04:32 +0000 UTC   DELETING    11.0.0    test           test cluster 2
asd29   2021-01-02 15:04:32 +0000 UTC   DELETING    10.5.0    test           test cluster 3
