No clusters found.
To create a cluster, please check

  kgs create cluster --help
