---
apiVersion: v1
data:
  values: |
    global:
      connectivity:
        availabilityZoneUsageLimit: 1
        network:
          vpcCidr: 10.10.0.0/12
        subnets:
        - cidrBlocks:
          - availabilityZone: a
            cidr: 10.4.0.0/16
          isPublic: false
        - cidrBlocks:
          - availabilityZone: a
            cidr: 10.0.0.0/21
          isPublic: true
        topology: {}
      controlPlane:
        instanceType: control-plane-instance-type
      metadata:
        description: just a test cluster
        name: test8
        organization: test
      nodePools:
        worker1:
          availabilityZones:
          - eu-west-1a
          - eu-west-1b
          customNodeLabels:
          - label=value
          instanceType: big-one
          maxSize: 5
          minSize: 2
          rootVolumeSizeGB: 200
      providerSpecific:
        awsClusterRoleIdentityName: default
        region: the-region
kind: ConfigMap
metadata:
  creationTimestamp: null
  labels:
    giantswarm.io/cluster: test8
  name: test8-userconfig
  namespace: org-test
---
apiVersion: application.giantswarm.io/v1alpha1
kind: App
metadata:
  labels:
    app-operator.giantswarm.io/version: 0.0.0
  name: test8
  namespace: org-test
spec:
  catalog: the-catalog
  config:
    configMap:
      name: ""
      namespace: ""
    secret:
      name: ""
      namespace: ""
  kubeConfig:
    context:
      name: ""
    inCluster: true
    secret:
      name: ""
      namespace: ""
  name: cluster-aws
  namespace: org-test
  userConfig:
    configMap:
      name: test8-userconfig
      namespace: org-test
  version: 1.0.0
---
apiVersion: v1
data:
  values: |
    clusterName: test8
    organization: test
kind: ConfigMap
metadata:
  creationTimestamp: null
  labels:
    giantswarm.io/cluster: test8
  name: test8-default-apps-userconfig
  namespace: org-test
---
apiVersion: application.giantswarm.io/v1alpha1
kind: App
metadata:
  labels:
    app-operator.giantswarm.io/version: 0.0.0
    giantswarm.io/cluster: test8
    giantswarm.io/managed-by: cluster
  name: test8-default-apps
  namespace: org-test
spec:
  catalog: the-default-catalog
  config:
    configMap:
      name: test8-cluster-values
      namespace: org-test
    secret:
      name: ""
      namespace: ""
  kubeConfig:
    context:
      name: ""
    inCluster: true
    secret:
      name: ""
      namespace: ""
  name: default-apps-aws
  namespace: org-test
  userConfig:
    configMap:
      name: test8-default-apps-userconfig
      namespace: org-test
  version: 2.0.0
