apiVersion: policy.giantswarm.io/v1alpha1
kind: PolicyException
metadata:
  creationTimestamp: null
  name: test-app
  namespace: policy-exceptions
spec:
  policies:
  - restrict-policy
  targets:
  - kind: Deployment
    names:
    - test-app*
    namespaces:
    - test-app
