apiVersion: kustomize.config.k8s.io/v1beta1
commonLabels:
  giantswarm.io/managed-by: flux
kind: Kustomization
patchesStrategicMerge:
  - patch_cluster_userconfig.yaml
  - patch_default_apps_userconfig.yaml
resources:
  - ../../../../../../../bases/cluster/capo
  - cluster_userconfig.yaml
  - default_apps_userconfig.yaml
