machinedeployment.cluster.x-k8s.io/1sad2
machinedeployment.cluster.x-k8s.io/2a03f
machinedeployment.cluster.x-k8s.io/asd29
machinedeployment.cluster.x-k8s.io/f930q
machinedeployment.cluster.x-k8s.io/9f012
machinedeployment.cluster.x-k8s.io/2f0as
