ID      CLUSTER ID   CREATED                         CONDITION   NODES MIN/MAX   NODES DESIRED   NODES READY   DESCRIPTION
f930q   s921a        2021-01-02 15:04:32 +0000 UTC   n/a         n/a             3               3             test nodepool 4
