ID      CREATED                         CONDITION   NODES MIN/MAX   NODES DESIRED   NODES READY   DESCRIPTION
f930q   2021-01-02 15:04:32 +0000 UTC   n/a         5/8             6               6             test nodepool 4
