No node pools found.
To create a node pool, please check

  kgs template nodepool --help
