apiVersion: application.giantswarm.io/v1alpha1
kind: App
metadata:
  name: ${cluster_name}
  namespace: org-${organization}
spec:
  userConfig:
    configMap:
      name: demowc-cluster-userconfig
      namespace: org-demoorg
