organization.security.giantswarm.io/test-1
organization.security.giantswarm.io/test-2
organization.security.giantswarm.io/test-3
