NAME     ORG NAMESPACE   AGE
test-1   org-test-1      0s
