No organizations found.
No resources of type organizations.security.giantswarm.io available. To create one, please check

  https://docs.giantswarm.io/ui-api/management-api/crd/organizations.security.giantswarm.io/
