NAME     ORG NAMESPACE   AGE
test-2   org-test-2      0s
