Error: Something went wrong
	/Users/axbarsan/_dev/src/github.com/giantswarm/kubectl-gs/pkg/errorprinter/errorprinter_test.go:120